==> UHBS v4 target=ICS-Modbus-Decoy class=ICS-SCADA protocols=['modbus'] phases=['profile', 'static', 'sandbox', 'dynamic', 'score']
    plugins available: ftp, generic, http, modbus, redis, smb, smtp, ssh, telnet
====================================================================================
                  UNIVERSAL HONEYPOT BENCHMARK SCORECARD v4.0
====================================================================================
Target System         : ICS-Modbus-Decoy
System Profile Class  : ICS-SCADA
Protocols             : modbus
Evaluation Date       : 2026-07-27
Evaluation Type       : Full-Spectrum (Static Audit + Dynamic Sandbox)
Environment           : Quick Docker lab: Conpot Modbus :5020, UHBS_QUICK=1, SAST skipped
------------------------------------------------------------------------------------
EVALUATION MODULE                     SCORE (0-100)    WEIGHT    STATUS
------------------------------------------------------------------------------------
Module A: Protocol Fidelity         :  56.5/100       0.35     PARTIAL (resp=000100000003018302)
Module B: Behavioral Realism        :  82.5/100       0.20     PASSED (survived binary blast)
Module C: Telemetry Quality         : 100.0/100       0.15     PASSED (telemetry_dir missing — set TPS/inventory telemetry_dir for C1 schema gates)
Module D: Safety & Containment (C)  :  75.0/100       GATE     PASSED (UHBS_AIRGAP_ATTESTED=1 (operator attestation; not a substitute for shell probes))
Module E: Scalability & Latency     : 100.0/100       0.10     PASSED (service alive after load (connect 0.4ms))
Module F: Static Code Audit         :  90.3/100       0.20     PASSED (2 static private keys: conpot/templates/default/ssl/ssl.key, conpot/templates/kamstrup_382/ssl/ssl.key)
------------------------------------------------------------------------------------
SAFETY GATE MULTIPLIER                : δ_C = 0.5625 (C = 75.0 < 95 — exponential penalty)
FINAL COMPOSITE SCORE (UHQS 4.0)      : 44.62 / 100
OVERALL EVALUATION GRADE              : GRADE F (Fail)
====================================================================================

Wrote /work/docs/conformance/reports/conpot/quick/report.json
Wrote /work/docs/conformance/reports/conpot/quick/MANIFEST.json
