==> UHBS v4 target=Web-API-Decoy class=Web-API protocols=['http'] phases=['profile', 'static', 'sandbox', 'dynamic', 'score']
    plugins available: ftp, generic, http, modbus, redis, smb, smtp, ssh, telnet
====================================================================================
                  UNIVERSAL HONEYPOT BENCHMARK SCORECARD v4.0
====================================================================================
Target System         : Web-API-Decoy
System Profile Class  : Web-API
Protocols             : http
Evaluation Date       : 2026-07-27
Evaluation Type       : Full-Spectrum (Static Audit + Dynamic Sandbox)
Environment           : Quick Docker lab demo (UHBS_QUICK=1, SAST skipped)
------------------------------------------------------------------------------------
EVALUATION MODULE                     SCORE (0-100)    WEIGHT    STATUS
------------------------------------------------------------------------------------
Module A: Protocol Fidelity         :  20.0/100       0.25     PARTIAL (status=200 (want 400/505 or close))
Module B: Behavioral Realism        :  82.5/100       0.20     PASSED (survived binary blast)
Module C: Telemetry Quality         : 100.0/100       0.20     PASSED (telemetry_dir missing — set TPS/inventory telemetry_dir for C1 schema gates)
Module D: Safety & Containment (C)  :  75.0/100       GATE     PASSED (UHBS_AIRGAP_ATTESTED=1 (operator attestation; not a substitute for shell probes))
Module E: Scalability & Latency     : 100.0/100       0.15     PASSED (service alive after load (connect 0.1ms))
Module F: Static Code Audit         :  72.6/100       0.20     PASSED (POSIX coverage 11% (11/104))
------------------------------------------------------------------------------------
SAFETY GATE MULTIPLIER                : δ_C = 0.5625 (C = 75.0 < 95 — exponential penalty)
FINAL COMPOSITE SCORE (UHQS 4.0)      : 39.95 / 100
OVERALL EVALUATION GRADE              : GRADE F (Fail)
====================================================================================

Wrote /work/docs/conformance/reports/espot/quick/report.json
Wrote /work/docs/conformance/reports/espot/quick/MANIFEST.json
