==> UHBS v4 target=Low-Interaction-Printer-Decoy class=Low-Interaction protocols=['pjl'] phases=['profile', 'static', 'sandbox', 'dynamic', 'score']
    plugins available: ftp, generic, http, modbus, redis, smb, smtp, ssh, telnet
====================================================================================
                  UNIVERSAL HONEYPOT BENCHMARK SCORECARD v4.0
====================================================================================
Target System         : Low-Interaction-Printer-Decoy
System Profile Class  : Low-Interaction
Protocols             : pjl
Evaluation Date       : 2026-07-27
Evaluation Type       : Full-Spectrum (Static Audit + Dynamic Sandbox)
Environment           : Quick Docker lab: PJL/generic :9100, UHBS_QUICK=1, SAST skipped
------------------------------------------------------------------------------------
EVALUATION MODULE                     SCORE (0-100)    WEIGHT    STATUS
------------------------------------------------------------------------------------
Module A: Protocol Fidelity         :  54.5/100       0.30     PARTIAL (median=0.496ms pstdev=355.886ms (target jitter often <2ms vs native))
Module B: Behavioral Realism        :  62.5/100       0.15     PARTIAL (survived binary blast)
Module C: Telemetry Quality         : 100.0/100       0.25     PASSED (telemetry_dir missing — set TPS/inventory telemetry_dir for C1 schema gates)
Module D: Safety & Containment (C)  :  75.0/100       GATE     PASSED (UHBS_AIRGAP_ATTESTED=1 (operator attestation; not a substitute for shell probes))
Module E: Scalability & Latency     :  55.0/100       0.10     PARTIAL (P50=0.8ms P95=1002.7ms P99=1002.9ms TPS_limit=100.0ms proto=pjl)
Module F: Static Code Audit         :  74.3/100       0.20     PASSED (POSIX coverage 17% (18/104))
------------------------------------------------------------------------------------
SAFETY GATE MULTIPLIER                : δ_C = 0.5625 (C = 75.0 < 95 — exponential penalty)
FINAL COMPOSITE SCORE (UHQS 4.0)      : 39.99 / 100
OVERALL EVALUATION GRADE              : GRADE F (Fail)
====================================================================================

Wrote /work/docs/conformance/reports/miniprint/quick/report.json
Wrote /work/docs/conformance/reports/miniprint/quick/MANIFEST.json
