==> UHBS v4 target=endlessh class=Low-Interaction protocols=['ssh_tarpit'] phases=['profile', 'static', 'sandbox', 'dynamic', 'score']
    plugins available: ftp, generic, http, modbus, redis, smb, smtp, ssh, telnet
====================================================================================
                  UNIVERSAL HONEYPOT BENCHMARK SCORECARD v4.0
====================================================================================
Target System         : endlessh
System Profile Class  : Low-Interaction
Protocols             : ssh_tarpit
Evaluation Date       : 2026-07-27
Evaluation Type       : Full-Spectrum (Static Audit + Dynamic Sandbox)
Environment           : Full Docker lab: Endlessh ssh_tarpit :2222 + 1000-sample A3 + SAST + telemetry
------------------------------------------------------------------------------------
EVALUATION MODULE                     SCORE (0-100)    WEIGHT    STATUS
------------------------------------------------------------------------------------
Module A: Protocol Fidelity         :  56.5/100       0.30     PARTIAL (no gold_baseline_host in TPS — KS compare skipped (set performance_baseline.gold_baseline_host))
Module B: Behavioral Realism        :  62.5/100       0.15     PARTIAL (survived binary blast)
Module C: Telemetry Quality         :  55.0/100       0.25     PARTIAL (no STIX objects found)
Module D: Safety & Containment (C)  :  90.0/100       GATE     PASSED (UHBS_AIRGAP_ATTESTED=1 (operator attestation; not a substitute for shell probes))
Module E: Scalability & Latency     : 100.0/100       0.10     PASSED (service alive after load (connect 0.4ms))
Module F: Static Code Audit         :  70.0/100       0.20     PASSED (semgrep error/critical=2 total=2)
------------------------------------------------------------------------------------
SAFETY GATE MULTIPLIER                : δ_C = 0.81 (C = 90.0 < 95 — exponential penalty)
FINAL COMPOSITE SCORE (UHQS 4.0)      : 51.9 / 100
OVERALL EVALUATION GRADE              : GRADE D (Needs Remediation)
====================================================================================

Wrote /work/docs/conformance/reports/endlessh/full/report.json
Wrote /work/docs/conformance/reports/endlessh/full/MANIFEST.json
